---
source: crates/engine/src/parser/oracle_ir/snapshot_tests.rs
expression: "&ir"
---
{
  "items": [
    {
      "id": 0,
      "source": {
        "id": {
          "item": 0,
          "ordinal": 0
        },
        "span": {
          "first_line": 0,
          "last_line": 0,
          "start_byte": 0,
          "end_byte": 21,
          "precision": "Exact",
          "ordinal_within_span": 0
        },
        "fragment": "Abraxas — Equip {3}"
      },
      "node": {
        "Spell": {
          "source_text": "Equip {3}",
          "body": {
            "clauses": [
              {
                "id": 0,
                "source": {
                  "id": {
                    "item": 0,
                    "ordinal": 1
                  },
                  "span": {
                    "first_line": 0,
                    "last_line": 0,
                    "start_byte": 0,
                    "end_byte": 9,
                    "precision": "ChainRelative",
                    "ordinal_within_span": 0
                  },
                  "fragment": "Equip {3}"
                },
                "disposition": {
                  "Emit": {
                    "followup": null,
                    "intrinsic": null
                  }
                },
                "parsed": {
                  "effect": {
                    "type": "Attach",
                    "target": {
                      "type": "Typed",
                      "type_filters": [
                        "Creature"
                      ],
                      "controller": "You",
                      "properties": []
                    },
                    "selection": {
                      "at_resolution": {}
                    }
                  },
                  "duration": null,
                  "sub_ability": null,
                  "distribute": null,
                  "multi_target": null,
                  "condition": null,
                  "optional": false,
                  "unless_pay": null
                },
                "boundary": null,
                "condition": null,
                "is_optional": false,
                "opponent_may_scope": null,
                "repeat_for": null,
                "player_scope": null,
                "starting_with": null,
                "delayed_condition": null,
                "prefix_delayed_condition": null,
                "multi_target": null,
                "where_x_expression": null,
                "unless_pay": null
              }
            ],
            "kind": "Activated",
            "continuation_kind": null,
            "player_scope_rewrite": "Apply",
            "chain_rounding": null,
            "actor": null,
            "in_trigger": false,
            "repeat_until": null
          },
          "shell": {
            "sub_link": null,
            "cost": {
              "type": "Mana",
              "cost": {
                "type": "Cost",
                "shards": [],
                "generic": 3
              }
            },
            "activation_restrictions": [
              {
                "type": "AsSorcery"
              }
            ],
            "ability_tag": {
              "type": "Equip"
            },
            "description": "Equip {3}"
          },
          "die_results": [],
          "root_transforms": []
        }
      }
    }
  ],
  "source_text": "Abraxas — Equip {3}",
  "card_name": "Named Equip"
}
