---
source: crates/engine/src/parser/oracle_ir/snapshot_tests.rs
expression: "&ir"
---
{
  "items": [
    {
      "id": 0,
      "source": {
        "id": {
          "item": 0,
          "ordinal": 0
        },
        "span": {
          "first_line": 0,
          "last_line": 0,
          "start_byte": 0,
          "end_byte": 34,
          "precision": "Exact",
          "ordinal_within_span": 0
        },
        "fragment": "[+1]: Each player discards a card."
      },
      "node": {
        "Spell": {
          "source_text": "Each player discards a card.",
          "body": {
            "clauses": [
              {
                "id": 0,
                "source": {
                  "id": {
                    "item": 0,
                    "ordinal": 1
                  },
                  "span": {
                    "first_line": 0,
                    "last_line": 0,
                    "start_byte": 0,
                    "end_byte": 27,
                    "precision": "ChainRelative",
                    "ordinal_within_span": 0
                  },
                  "fragment": "Each player discards a card"
                },
                "disposition": {
                  "Emit": {
                    "followup": null,
                    "intrinsic": null
                  }
                },
                "parsed": {
                  "effect": {
                    "type": "Discard",
                    "count": {
                      "type": "Fixed",
                      "value": 1
                    },
                    "target": {
                      "type": "Controller"
                    }
                  },
                  "duration": null,
                  "sub_ability": null,
                  "distribute": null,
                  "multi_target": null,
                  "condition": null,
                  "optional": false,
                  "unless_pay": null
                },
                "boundary": "Sentence",
                "condition": null,
                "is_optional": false,
                "opponent_may_scope": null,
                "repeat_for": null,
                "player_scope": {
                  "type": "All"
                },
                "starting_with": null,
                "delayed_condition": null,
                "prefix_delayed_condition": null,
                "multi_target": null,
                "where_x_expression": null,
                "unless_pay": null
              }
            ],
            "kind": "Activated",
            "continuation_kind": null,
            "player_scope_rewrite": "Apply",
            "chain_rounding": null,
            "actor": null,
            "in_trigger": false,
            "repeat_until": null
          },
          "shell": {
            "sub_link": null,
            "cost": {
              "type": "Loyalty",
              "amount": 1
            },
            "activation_restrictions": [
              {
                "type": "AsSorcery"
              }
            ],
            "description": "[+1]: Each player discards a card."
          },
          "die_results": [],
          "root_transforms": []
        }
      }
    },
    {
      "id": 1,
      "source": {
        "id": {
          "item": 1,
          "ordinal": 0
        },
        "span": {
          "first_line": 1,
          "last_line": 1,
          "start_byte": 35,
          "end_byte": 79,
          "precision": "Exact",
          "ordinal_within_span": 0
        },
        "fragment": "[−2]: Target player sacrifices a creature."
      },
      "node": {
        "Spell": {
          "source_text": "Target player sacrifices a creature.",
          "body": {
            "clauses": [
              {
                "id": 0,
                "source": {
                  "id": {
                    "item": 0,
                    "ordinal": 1
                  },
                  "span": {
                    "first_line": 0,
                    "last_line": 0,
                    "start_byte": 0,
                    "end_byte": 35,
                    "precision": "ChainRelative",
                    "ordinal_within_span": 0
                  },
                  "fragment": "Target player sacrifices a creature"
                },
                "disposition": {
                  "Emit": {
                    "followup": null,
                    "intrinsic": null
                  }
                },
                "parsed": {
                  "effect": {
                    "type": "Sacrifice",
                    "target": {
                      "type": "Typed",
                      "type_filters": [
                        "Creature"
                      ],
                      "controller": "TargetPlayer",
                      "properties": []
                    },
                    "count": {
                      "type": "Fixed",
                      "value": 1
                    }
                  },
                  "duration": null,
                  "sub_ability": null,
                  "distribute": null,
                  "multi_target": null,
                  "condition": null,
                  "optional": false,
                  "unless_pay": null
                },
                "boundary": "Sentence",
                "condition": null,
                "is_optional": false,
                "opponent_may_scope": null,
                "repeat_for": null,
                "player_scope": null,
                "starting_with": null,
                "delayed_condition": null,
                "prefix_delayed_condition": null,
                "multi_target": null,
                "where_x_expression": null,
                "unless_pay": null
              }
            ],
            "kind": "Activated",
            "continuation_kind": null,
            "player_scope_rewrite": "Apply",
            "chain_rounding": null,
            "actor": null,
            "in_trigger": false,
            "repeat_until": null
          },
          "shell": {
            "sub_link": null,
            "cost": {
              "type": "Loyalty",
              "amount": -2
            },
            "activation_restrictions": [
              {
                "type": "AsSorcery"
              }
            ],
            "description": "[−2]: Target player sacrifices a creature."
          },
          "die_results": [],
          "root_transforms": []
        }
      }
    },
    {
      "id": 2,
      "source": {
        "id": {
          "item": 2,
          "ordinal": 0
        },
        "span": {
          "first_line": 2,
          "last_line": 2,
          "start_byte": 80,
          "end_byte": 217,
          "precision": "Exact",
          "ordinal_within_span": 0
        },
        "fragment": "[−6]: Separate all permanents target player controls into two piles. That player sacrifices all permanents in the pile of their choice."
      },
      "node": {
        "Spell": {
          "source_text": "Separate all permanents target player controls into two piles. That player sacrifices all permanents in the pile of their choice.",
          "body": {
            "clauses": [
              {
                "id": 0,
                "source": {
                  "id": {
                    "item": 0,
                    "ordinal": 1
                  },
                  "span": {
                    "first_line": 0,
                    "last_line": 0,
                    "start_byte": 0,
                    "end_byte": 61,
                    "precision": "ChainRelative",
                    "ordinal_within_span": 0
                  },
                  "fragment": "Separate all permanents target player controls into two piles"
                },
                "disposition": {
                  "Emit": {
                    "followup": null,
                    "intrinsic": null
                  }
                },
                "parsed": {
                  "effect": {
                    "type": "Unimplemented",
                    "name": "unrecognized_clause_head",
                    "description": "Separate all permanents target player controls into two piles"
                  },
                  "duration": null,
                  "sub_ability": null,
                  "distribute": null,
                  "multi_target": null,
                  "condition": null,
                  "optional": false,
                  "unless_pay": null
                },
                "boundary": "Sentence",
                "condition": null,
                "is_optional": false,
                "opponent_may_scope": null,
                "repeat_for": null,
                "player_scope": null,
                "starting_with": null,
                "delayed_condition": null,
                "prefix_delayed_condition": null,
                "multi_target": null,
                "where_x_expression": null,
                "unless_pay": null
              },
              {
                "id": 1,
                "source": {
                  "id": {
                    "item": 0,
                    "ordinal": 2
                  },
                  "span": {
                    "first_line": 0,
                    "last_line": 0,
                    "start_byte": 63,
                    "end_byte": 128,
                    "precision": "ChainRelative",
                    "ordinal_within_span": 1
                  },
                  "fragment": "That player sacrifices all permanents in the pile of their choice"
                },
                "disposition": {
                  "Emit": {
                    "followup": null,
                    "intrinsic": null
                  }
                },
                "parsed": {
                  "effect": {
                    "type": "Sacrifice",
                    "target": {
                      "type": "Typed",
                      "type_filters": [
                        "Permanent"
                      ],
                      "controller": "ParentTargetController",
                      "properties": []
                    },
                    "count": {
                      "type": "Ref",
                      "qty": {
                        "type": "ObjectCount",
                        "filter": {
                          "type": "Typed",
                          "type_filters": [
                            "Permanent"
                          ],
                          "controller": null,
                          "properties": []
                        }
                      }
                    }
                  },
                  "duration": null,
                  "sub_ability": null,
                  "distribute": null,
                  "multi_target": null,
                  "condition": null,
                  "optional": false,
                  "unless_pay": null
                },
                "boundary": "Sentence",
                "condition": null,
                "is_optional": false,
                "opponent_may_scope": null,
                "repeat_for": null,
                "player_scope": null,
                "starting_with": null,
                "delayed_condition": null,
                "prefix_delayed_condition": null,
                "multi_target": null,
                "where_x_expression": null,
                "unless_pay": null
              }
            ],
            "kind": "Activated",
            "continuation_kind": null,
            "player_scope_rewrite": "Apply",
            "chain_rounding": null,
            "actor": null,
            "in_trigger": false,
            "repeat_until": null
          },
          "shell": {
            "sub_link": null,
            "cost": {
              "type": "Loyalty",
              "amount": -6
            },
            "activation_restrictions": [
              {
                "type": "AsSorcery"
              }
            ],
            "description": "[−6]: Separate all permanents target player controls into two piles. That player sacrifices all permanents in the pile of their choice."
          },
          "die_results": [],
          "root_transforms": []
        }
      }
    }
  ],
  "source_text": "[+1]: Each player discards a card.\n[−2]: Target player sacrifices a creature.\n[−6]: Separate all permanents target player controls into two piles. That player sacrifices all permanents in the pile of their choice.",
  "card_name": "Liliana of the Veil"
}
